Microchip MPLAB XC8 Compiler V2.05 ()

Linker command line:

-W-3 --edf=C:\Program Files (x86)\Microchip\xc8\v2.05\pic\dat\en_msgs.txt \
  -cs -h+dist/default/production\BL_Pic16f-master.production.sym \
  --cmf=dist/default/production\BL_Pic16f-master.production.cmf -z \
  -Q16F18313 -oC:\Users\NDHAVA~1\AppData\Local\Temp\s3sc.2 \
  --defsym=__MPLAB_BUILD=1 \
  -Mdist/default/production/BL_Pic16f-master.production.map -E1 -ver=XC8 \
  --acfsm=1493 -ASTACK=0204Dh-020EFh -pstack=STACK -p_Bl_Ver1_text=F0FEh \
  -ACODE=00h-01FFh -ASTRCODE=00h-01FFh -ASTRING=00h-0FFhx2 \
  -ACONST=00h-0FFhx2 -AENTRY=00h-0FFhx2 -ACOMMON=070h-07Fh \
  -ABANK0=020h-06Fh -ABANK1=0A0h-0EFh -ABANK2=0120h-016Fh \
  -ABIGRAM=02000h-020EFh -ARAM=020h-06Fh,0A0h-0EFh,0120h-016Fh \
  -AABS1=020h-07Fh,0A0h-0EFh,0120h-016Fh -ASFR0=00h-01Fh -ASFR1=080h-09Fh \
  -ASFR2=0100h-011Fh -ASFR3=0180h-01EFh -ASFR4=0200h-026Fh \
  -ASFR5=0280h-02EFh -ASFR6=0300h-036Fh -ASFR7=0380h-03EFh \
  -ASFR8=0400h-046Fh -ASFR9=0480h-04EFh -ASFR10=0500h-056Fh \
  -ASFR11=0580h-05EFh -ASFR12=0600h-066Fh -ASFR13=0680h-06EFh \
  -ASFR14=0700h-076Fh -ASFR15=0780h-07EFh -ASFR16=0800h-086Fh \
  -ASFR17=0880h-08EFh -ASFR18=0900h-096Fh -ASFR19=0980h-09EFh \
  -ASFR20=0A00h-0A6Fh -ASFR21=0A80h-0AEFh -ASFR22=0B00h-0B6Fh \
  -ASFR23=0B80h-0BEFh -ASFR24=0C00h-0C6Fh -ASFR25=0C80h-0CEFh \
  -ASFR26=0D00h-0D6Fh -ASFR27=0D80h-0DEFh -ASFR28=0E00h-0E6Fh \
  -ASFR29=0E80h-0EEFh -ASFR30=0F00h-0F6Fh -ASFR31=0F80h-0FEFh \
  -preset_vec=00h,intentry=04h,init,end_init -ppowerup=CODE -pcinit=CODE \
  -pfunctab=ENTRY -ACONFIG=08007h-0800Ah -pconfig=CONFIG -DCONFIG=2 \
  -AIDLOC=08000h-08003h -pidloc=IDLOC -DIDLOC=2 -AEEDATA=00h-0FFh/0F000h \
  -peeprom_data=EEDATA -DEEDATA=2 -DCODE=2 -DSTRCODE=2 -DSTRING=2 -DCONST=2 \
  -DENTRY=2 -k C:\Users\NDHAVA~1\AppData\Local\Temp\s3sc.o \
  dist/default/production\BL_Pic16f-master.production.o 

Object code version is 3.11

Machine type is 16F18313



                Name                               Link     Load   Length Selector   Space Scale
C:\Users\NDHAVA~1\AppData\Local\Temp\s3sc.o
                stack                              204D     204D       A3     204D       2
                end_init                              C        C        1        8       0
                reset_vec                             0        0        1        0       0
                config                             8007     8007        4    1000E       0
dist/default/production\BL_Pic16f-master.production.o
                cinit                                 D        D        F        8       0
                intentry                              4        4        8        8       0
                text6                               1B5      1B5       16        8       0
                text5                               19E      19E       17        8       0
                text4                               1E7      1E7        9      3CE       0
                text3                               146      146       58        8       0
                text2                               1CB      1CB       13        8       0
                maintext                             1C       1C      12A        8       0
                clrtext                             1F0      1F0        6      3CE       0
                bssBANK0l                            20       20       47       20       1
                bssCOMMON                            70       70        3       70       1
                stringtext1                         1DE      1DE        9      3BC       0
                _Bl_Ver1_text                      F0FE     F0FE        1    1E1FC       0

TOTAL           Name                               Link     Load   Length     Space
        CLASS   STACK          
                stack                              204D     204D       A3         2

        CLASS   CODE           
                end_init                              C        C        1         0
                cinit                                 D        D        F         0
                intentry                              4        4        8         0
                reset_vec                             0        0        1         0
                text6                               1B5      1B5       16         0
                text5                               19E      19E       17         0
                text4                               1E7      1E7        9         0
                text3                               146      146       58         0
                text2                               1CB      1CB       13         0
                maintext                             1C       1C      12A         0
                clrtext                             1F0      1F0        6         0

        CLASS   STRCODE        
                stringtext1                         1DE      1DE        9         0
                _Bl_Ver1_text                      F0FE     F0FE        1         0

        CLASS   STRING         

        CLASS   CONST          

        CLASS   ENTRY          

        CLASS   COMMON         
                bssCOMMON                            70       70        3         1

        CLASS   BANK0          
                bssBANK0l                            20       20       47         1

        CLASS   BANK1          

        CLASS   BANK2          

        CLASS   BIGRAM         

        CLASS   RAM            

        CLASS   ABS1           
                abs_s1                               68       68        5         1
                abs_s1                               74       74        C         1

        CLASS   SFR0           

        CLASS   SFR1           

        CLASS   SFR2           

        CLASS   SFR3           

        CLASS   SFR4           

        CLASS   SFR5           

        CLASS   SFR6           

        CLASS   SFR7           

        CLASS   SFR8           

        CLASS   SFR9           

        CLASS   SFR10          

        CLASS   SFR11          

        CLASS   SFR12          

        CLASS   SFR13          

        CLASS   SFR14          

        CLASS   SFR15          

        CLASS   SFR16          

        CLASS   SFR17          

        CLASS   SFR18          

        CLASS   SFR19          

        CLASS   SFR20          

        CLASS   SFR21          

        CLASS   SFR22          

        CLASS   SFR23          

        CLASS   SFR24          

        CLASS   SFR25          

        CLASS   SFR26          

        CLASS   SFR27          

        CLASS   SFR28          

        CLASS   SFR29          

        CLASS   SFR30          

        CLASS   SFR31          

        CLASS   CONFIG         
                config                             8007     8007        4         0

        CLASS   IDLOC          

        CLASS   EEDATA         

        CLASS   BANK31         

        CLASS   BANK30         

        CLASS   BANK29         

        CLASS   BANK28         

        CLASS   BANK27         

        CLASS   BANK26         

        CLASS   BANK25         

        CLASS   BANK24         

        CLASS   BANK23         

        CLASS   BANK22         

        CLASS   BANK21         

        CLASS   BANK20         

        CLASS   BANK19         

        CLASS   BANK18         

        CLASS   BANK17         

        CLASS   BANK16         

        CLASS   BANK15         

        CLASS   BANK14         

        CLASS   BANK13         

        CLASS   BANK12         

        CLASS   BANK11         

        CLASS   BANK10         

        CLASS   BANK9          

        CLASS   BANK8          

        CLASS   BANK7          

        CLASS   BANK6          

        CLASS   BANK5          

        CLASS   BANK4          

        CLASS   BANK3          



SEGMENTS        Name                           Load    Length   Top    Selector   Space  Class     Delta

                reset_vec                      000000  000001  000001         0       0  CODE        2
                intentry                       000004  0001DA  0001DE         8       0  CODE        2
                bssBANK0l                      000020  000047  000067        20       1  BANK0       1
                bssCOMMON                      000070  000003  000073        70       1  COMMON      1
                stringtext1                    0001DE  000009  0001E7       3BC       0  STRCODE     2
                text4                          0001E7  00000F  0001F6       3CE       0  CODE        2
                stack                          00204D  0000A3  0020F0      204D       2  STACK       1
                config                         008007  000004  00800B     1000E       0  CONFIG      2
                _Bl_Ver1_text                  00F0FE  000001  00F0FF     1E1FC       0  STRCODE     2


UNUSED ADDRESS RANGES

        Name                Unused          Largest block    Delta
        BANK0            00067-00067               1           1
                         0006D-0006F               3
        BANK1            000A0-000EF              50           1
        BANK2            00120-0016F              50           1
        BIGRAM           02000-020EF              F0           1
        CODE             00001-00003               3           2
                         001F6-001FF               A
        COMMON           00073-00073               1           1
        CONST            00001-00003               3           2
                         001F6-001FF               A
        EEDATA           0F000-0F0FF             100           2
        ENTRY            00001-00003               3           2
                         001F6-001FF               A
        IDLOC            08000-08003               4           2
        RAM              00067-00067               1           1
                         0006D-0006F               3
                         000A0-000EF              50
                         00120-0016F              50
        SFR0             00000-0001F              20           1
        SFR1             00080-0009F              20           1
        SFR10            00500-0056F              70           1
        SFR11            00580-005EF              70           1
        SFR12            00600-0066F              70           1
        SFR13            00680-006EF              70           1
        SFR14            00700-0076F              70           1
        SFR15            00780-007EF              70           1
        SFR16            00800-0086F              70           1
        SFR17            00880-008EF              70           1
        SFR18            00900-0096F              70           1
        SFR19            00980-009EF              70           1
        SFR2             00100-0011F              20           1
        SFR20            00A00-00A6F              70           1
        SFR21            00A80-00AEF              70           1
        SFR22            00B00-00B6F              70           1
        SFR23            00B80-00BEF              70           1
        SFR24            00C00-00C6F              70           1
        SFR25            00C80-00CEF              70           1
        SFR26            00D00-00D6F              70           1
        SFR27            00D80-00DEF              70           1
        SFR28            00E00-00E6F              70           1
        SFR29            00E80-00EEF              70           1
        SFR3             00180-001EF              70           1
        SFR30            00F00-00F6F              70           1
        SFR31            00F80-00FEF              70           1
        SFR4             00200-0026F              70           1
        SFR5             00280-002EF              70           1
        SFR6             00300-0036F              70           1
        SFR7             00380-003EF              70           1
        SFR8             00400-0046F              70           1
        SFR9             00480-004EF              70           1
        STRCODE          00001-00003               3           2
                         001F6-001FF               A
        STRING           00001-00003               3           2
                         001F6-001FF               A

                                  Symbol Table

PL2                          text3         00188
PL4                          text3         00195
PL6                          text6         001C5
_ANSELA                      (abs)         0018C
_BRG16                       (abs)         00CFB
_Bl_Ver1                     _Bl_Ver1_text 0F0FE
_Bl_Ver1_absaddr             (abs)         0F0FE
_Bt_ComSendData              text2         001CB
_Bt_Data                     (abs)         00068
_Bt_FlashWriteBlock          text3         00146
_Bt_ReadData                 text5         0019E
_Bt_UnlockSeq                text4         001E7
_Bt_WriteEep                 text6         001B5
_LATAbits                    (abs)         0010C
_NVMADR                      (abs)         00891
_NVMADRH                     (abs)         00892
_NVMADRL                     (abs)         00891
_NVMCON1bits                 (abs)         00895
_NVMCON2                     (abs)         00896
_NVMDAT                      (abs)         00893
_NVMDATH                     (abs)         00894
_NVMDATL                     (abs)         00893
_OSCCON1bits                 (abs)         00919
_OSCCON3bits                 (abs)         0091B
_PORTAbits                   (abs)         0000C
_RA4PPS                      (abs)         00E94
_RC1REG                      (abs)         00199
_RC1STA                      (abs)         0019D
_RCIF                        (abs)         0008D
_RXPPS                       (abs)         00E24
_SPBRG                       (abs)         0019B
_STKPTR                      (abs)         00FED
_TRISA                       (abs)         0008C
_TX1REG                      (abs)         0019A
_TX1STA                      (abs)         0019E
_TXIF                        (abs)         0008C
_WPUA                        (abs)         0020C
_WR                          (abs)         044A9
_WREN                        (abs)         044AA
__CFG_BOREN$SBOREN           (abs)         00000
__CFG_BORV$LOW               (abs)         00000
__CFG_CLKOUTEN$OFF           (abs)         00000
__CFG_CP$OFF                 (abs)         00000
__CFG_CPD$OFF                (abs)         00000
__CFG_CSWEN$ON               (abs)         00000
__CFG_DEBUG$OFF              (abs)         00000
__CFG_FCMEN$ON               (abs)         00000
__CFG_FEXTOSC$OFF            (abs)         00000
__CFG_LPBOREN$ON             (abs)         00000
__CFG_LVP$OFF                (abs)         00000
__CFG_MCLRE$OFF              (abs)         00000
__CFG_PPS1WAY$ON             (abs)         00000
__CFG_PWRTE$OFF              (abs)         00000
__CFG_STVREN$ON              (abs)         00000
__CFG_WDTE$OFF               (abs)         00000
__CFG_WRT$OFF                (abs)         00000
__H_Bl_Ver1_text             _Bl_Ver1_text 0F0FF
__Habs1                      abs1          00000
__Hbank0                     bank0         00000
__Hbank1                     bank1         00000
__Hbank10                    bank10        00000
__Hbank11                    bank11        00000
__Hbank12                    bank12        00000
__Hbank13                    bank13        00000
__Hbank14                    bank14        00000
__Hbank15                    bank15        00000
__Hbank16                    bank16        00000
__Hbank17                    bank17        00000
__Hbank18                    bank18        00000
__Hbank19                    bank19        00000
__Hbank2                     bank2         00000
__Hbank20                    bank20        00000
__Hbank21                    bank21        00000
__Hbank22                    bank22        00000
__Hbank23                    bank23        00000
__Hbank24                    bank24        00000
__Hbank25                    bank25        00000
__Hbank26                    bank26        00000
__Hbank27                    bank27        00000
__Hbank28                    bank28        00000
__Hbank29                    bank29        00000
__Hbank3                     bank3         00000
__Hbank30                    bank30        00000
__Hbank31                    bank31        00000
__Hbank4                     bank4         00000
__Hbank5                     bank5         00000
__Hbank6                     bank6         00000
__Hbank7                     bank7         00000
__Hbank8                     bank8         00000
__Hbank9                     bank9         00000
__Hbigram                    bigram        00000
__HbssBANK0l                 bssBANK0l     00000
__HbssCOMMON                 bssCOMMON     00000
__Hcinit                     cinit         0001C
__Hclrtext                   clrtext       00000
__Hcode                      code          00000
__Hcommon                    common        00000
__Hconfig                    config        0800B
__HcstackCOMMON              cstackCOMMON  00000
__Heeprom_data               eeprom_data   00000
__Hend_init                  end_init      0000D
__Hfunctab                   functab       00000
__Hidloc                     idloc         00000
__Hinit                      init          0000C
__Hintentry                  intentry      0000C
__Hmaintext                  maintext      00000
__Hpa_nodes0                 pa_nodes0     00000
__Hpowerup                   powerup       00000
__Hram                       ram           00000
__Hreset_vec                 reset_vec     00001
__Hsfr0                      sfr0          00000
__Hsfr1                      sfr1          00000
__Hsfr10                     sfr10         00000
__Hsfr11                     sfr11         00000
__Hsfr12                     sfr12         00000
__Hsfr13                     sfr13         00000
__Hsfr14                     sfr14         00000
__Hsfr15                     sfr15         00000
__Hsfr16                     sfr16         00000
__Hsfr17                     sfr17         00000
__Hsfr18                     sfr18         00000
__Hsfr19                     sfr19         00000
__Hsfr2                      sfr2          00000
__Hsfr20                     sfr20         00000
__Hsfr21                     sfr21         00000
__Hsfr22                     sfr22         00000
__Hsfr23                     sfr23         00000
__Hsfr24                     sfr24         00000
__Hsfr25                     sfr25         00000
__Hsfr26                     sfr26         00000
__Hsfr27                     sfr27         00000
__Hsfr28                     sfr28         00000
__Hsfr29                     sfr29         00000
__Hsfr3                      sfr3          00000
__Hsfr30                     sfr30         00000
__Hsfr31                     sfr31         00000
__Hsfr4                      sfr4          00000
__Hsfr5                      sfr5          00000
__Hsfr6                      sfr6          00000
__Hsfr7                      sfr7          00000
__Hsfr8                      sfr8          00000
__Hsfr9                      sfr9          00000
__Hspace_0                   (abs)         0F0FF
__Hspace_1                   (abs)         00073
__Hspace_2                   (abs)         020F0
__Hspace_3                   (abs)         00000
__Hstack                     stack         020F0
__Hstrings                   strings       00000
__Hstringtext1               stringtext1   00000
__Hstringtext2               stringtext2   00000
__Htext                      text          00000
__L_Bl_Ver1_text             _Bl_Ver1_text 0F0FE
__Labs1                      abs1          00000
__Lbank0                     bank0         00000
__Lbank1                     bank1         00000
__Lbank10                    bank10        00000
__Lbank11                    bank11        00000
__Lbank12                    bank12        00000
__Lbank13                    bank13        00000
__Lbank14                    bank14        00000
__Lbank15                    bank15        00000
__Lbank16                    bank16        00000
__Lbank17                    bank17        00000
__Lbank18                    bank18        00000
__Lbank19                    bank19        00000
__Lbank2                     bank2         00000
__Lbank20                    bank20        00000
__Lbank21                    bank21        00000
__Lbank22                    bank22        00000
__Lbank23                    bank23        00000
__Lbank24                    bank24        00000
__Lbank25                    bank25        00000
__Lbank26                    bank26        00000
__Lbank27                    bank27        00000
__Lbank28                    bank28        00000
__Lbank29                    bank29        00000
__Lbank3                     bank3         00000
__Lbank30                    bank30        00000
__Lbank31                    bank31        00000
__Lbank4                     bank4         00000
__Lbank5                     bank5         00000
__Lbank6                     bank6         00000
__Lbank7                     bank7         00000
__Lbank8                     bank8         00000
__Lbank9                     bank9         00000
__Lbigram                    bigram        00000
__LbssBANK0l                 bssBANK0l     00000
__LbssCOMMON                 bssCOMMON     00000
__Lcinit                     cinit         0000D
__Lclrtext                   clrtext       00000
__Lcode                      code          00000
__Lcommon                    common        00000
__Lconfig                    config        08007
__LcstackCOMMON              cstackCOMMON  00000
__Leeprom_data               eeprom_data   00000
__Lend_init                  end_init      0000C
__Lfunctab                   functab       00000
__Lidloc                     idloc         00000
__Linit                      init          0000C
__Lintentry                  intentry      00004
__Lmaintext                  maintext      00000
__Lpa_nodes0                 pa_nodes0     00000
__Lpowerup                   powerup       00000
__Lram                       ram           00000
__Lreset_vec                 reset_vec     00000
__Lsfr0                      sfr0          00000
__Lsfr1                      sfr1          00000
__Lsfr10                     sfr10         00000
__Lsfr11                     sfr11         00000
__Lsfr12                     sfr12         00000
__Lsfr13                     sfr13         00000
__Lsfr14                     sfr14         00000
__Lsfr15                     sfr15         00000
__Lsfr16                     sfr16         00000
__Lsfr17                     sfr17         00000
__Lsfr18                     sfr18         00000
__Lsfr19                     sfr19         00000
__Lsfr2                      sfr2          00000
__Lsfr20                     sfr20         00000
__Lsfr21                     sfr21         00000
__Lsfr22                     sfr22         00000
__Lsfr23                     sfr23         00000
__Lsfr24                     sfr24         00000
__Lsfr25                     sfr25         00000
__Lsfr26                     sfr26         00000
__Lsfr27                     sfr27         00000
__Lsfr28                     sfr28         00000
__Lsfr29                     sfr29         00000
__Lsfr3                      sfr3          00000
__Lsfr30                     sfr30         00000
__Lsfr31                     sfr31         00000
__Lsfr4                      sfr4          00000
__Lsfr5                      sfr5          00000
__Lsfr6                      sfr6          00000
__Lsfr7                      sfr7          00000
__Lsfr8                      sfr8          00000
__Lsfr9                      sfr9          00000
__Lspace_0                   (abs)         00000
__Lspace_1                   (abs)         00000
__Lspace_2                   (abs)         00000
__Lspace_3                   (abs)         00000
__Lstack                     stack         0204D
__Lstrings                   strings       00000
__Lstringtext1               stringtext1   00000
__Lstringtext2               stringtext2   00000
__Ltext                      text          00000
__S0                         (abs)         0800B
__S1                         (abs)         00073
__S2                         (abs)         020F0
__S3                         (abs)         00000
___int_sp                    stack         0209F
___latbits                   (abs)         00000
___sp                        stack         0204D
___stackhi                   (abs)         020EF
___stacklo                   (abs)         0204D
__end_ofPL2                  text3         00195
__end_ofPL4                  text3         0019E
__end_ofPL6                  text6         001CB
__end_of_Bl_Ver1             _Bl_Ver1_text 0F0FF
__end_of_Bt_ComSendData      text2         001DE
__end_of_Bt_FlashWriteBlock  text3         00188
__end_of_Bt_ReadData         text5         001B5
__end_of_Bt_UnlockSeq        text4         001F0
__end_of_Bt_WriteEep         text6         001C5
__end_of__initialization     cinit         00016
__end_of_main                maintext      00146
__end_of_serrvice_isr        intentry      0000C
__initialization             cinit         0000D
__p_Bl_Ver1_text             _Bl_Ver1_text 0F0FE
__pbssBANK0l                 bssBANK0l     00020
__pbssCOMMON                 bssCOMMON     00070
__pcstackCOMMON              cstackCOMMON  00000
__pintentry                  intentry      00004
__pmaintext                  maintext      0001C
__pstringtext1               stringtext1   001DE
__pstringtext2               stringtext2   00000
__ptext2                     text2         001CB
__ptext3                     text3         00146
__ptext4                     text4         001E7
__ptext5                     text5         0019E
__ptext6                     text6         001B5
__size_of_Bt_ComSendData     (abs)         00000
__size_of_Bt_FlashWriteBlock (abs)         00000
__size_of_Bt_ReadData        (abs)         00000
__size_of_Bt_UnlockSeq       (abs)         00000
__size_of_Bt_WriteEep        (abs)         00000
__size_of_main               (abs)         00000
__size_of_serrvice_isr       (abs)         00000
_count                       bssBANK0l     00020
_dat_cnt                     bssCOMMON     00072
_data_checksum               bssCOMMON     00071
_frame                       bssBANK0l     00022
_mac_user                    bssCOMMON     00070
_main                        maintext      0001C
_serrvice_isr                intentry      00004
btemp                        (abs)         00074
clear_ram0                   clrtext       001F0
end_of_initialization        cinit         00016
intlevel0                    functab       00000
intlevel1                    functab       00000
intlevel2                    functab       00000
intlevel3                    functab       00000
intlevel4                    functab       00000
intlevel5                    functab       00000
ltemp0                       (abs)         00074
ltemp1                       (abs)         00078
ltemp2                       (abs)         0007C
ltemp3                       (abs)         00076
reset_vec                    reset_vec     00000
start                        init          0000C
start_initialization         cinit         0000D
ttemp0                       (abs)         00074
ttemp1                       (abs)         00077
ttemp2                       (abs)         0007A
ttemp3                       (abs)         0007D
wtemp0                       (abs)         00074
wtemp1                       (abs)         00076
wtemp2                       (abs)         00078
wtemp3                       (abs)         0007A
wtemp4                       (abs)         0007C
wtemp5                       (abs)         0007E


FUNCTION INFORMATION:

 *************** function _main *****************
 Defined at:
		line 193 in file "test_flash.c"
 Parameters:    Size  Location     Type
		None
 Auto vars:     Size  Location     Type
  mac_frame       1  [STACK] PTR unsigned char 
		 -> frame(69), 
 Return value:  Size  Location     Type
                  1    wreg      void 
 Registers used:
		wreg, fsr0l, fsr0h, fsr1l, fsr1h, status,2, status,0, btemp+0, btemp+10, btemp+11, pclath
 Tracked objects:
		On entry : 
		On exit  : 
		Unchanged: 
 Data sizes:     COMMON  BANK0h  BANK0l   BANK1   BANK2
      Params:         0       0       0       0       0
      Locals:         0       0       0       0       0
      Temps:          0       0       0       0       0
      Totals:         0       0       0       0       0
Total ram usage:        0 bytes
 Hardware stack levels required when called:    4
 This function calls:
		_Bt_ComSendData
		_Bt_FlashWriteBlock
		_Bt_ReadData
		_Bt_WriteEep
 This function is called by:
		Startup code after reset
 This function uses a reentrant model


 *************** function _serrvice_isr *****************
 Defined at:
		line 175 in file "test_flash.c"
 Parameters:    Size  Location     Type
		None
 Auto vars:     Size  Location     Type
		None
 Return value:  Size  Location     Type
                  1    wreg      void 
 Registers used:
		None
 Tracked objects:
		On entry : 
		On exit  : 
		Unchanged: 
 Data sizes:     COMMON  BANK0h  BANK0l   BANK1   BANK2
      Params:         0       0       0       0       0
      Locals:         0       0       0       0       0
      Temps:          0       0       0       0       0
      Totals:         0       0       0       0       0
Total ram usage:        0 bytes
 Hardware stack levels used:    1
 This function calls:
		Nothing
 This function is called by:
		Interrupt level 1
 This function uses a non-reentrant model


 *************** function _Bt_ComSendData *****************
 Defined at:
		line 381 in file "test_flash.c"
 Parameters:    Size  Location     Type
		None
 Auto vars:     Size  Location     Type
		None
 Return value:  Size  Location     Type
                  1    wreg      void 
 Registers used:
		wreg, fsr0l, fsr0h, status,2, status,0, pclath
 Tracked objects:
		On entry : 
		On exit  : 
		Unchanged: 
 Data sizes:     COMMON  BANK0h  BANK0l   BANK1   BANK2
      Params:         0       0       0       0       0
      Locals:         0       0       0       0       0
      Temps:          0       0       0       0       0
      Totals:         0       0       0       0       0
Total ram usage:        0 bytes
 Hardware stack levels used:    1
 Hardware stack levels required when called:    2
 This function calls:
		Nothing
 This function is called by:
		_main
 This function uses a reentrant model


 *************** function _Bt_FlashWriteBlock *****************
 Defined at:
		line 392 in file "test_flash.c"
 Parameters:    Size  Location     Type
		None
 Auto vars:     Size  Location     Type
  i               1  [STACK] unsigned char 
  sum             1  [STACK] unsigned char 
 Return value:  Size  Location     Type
                  1    wreg      void 
 Registers used:
		wreg, fsr0l, fsr0h, fsr1l, fsr1h, status,2, status,0, btemp+0, btemp+10, btemp+11, pclath
 Tracked objects:
		On entry : 
		On exit  : 
		Unchanged: 
 Data sizes:     COMMON  BANK0h  BANK0l   BANK1   BANK2
      Params:         0       0       0       0       0
      Locals:         0       0       0       0       0
      Temps:          0       0       0       0       0
      Totals:         0       0       0       0       0
Total ram usage:        0 bytes
 Hardware stack levels used:    1
 Hardware stack levels required when called:    3
 This function calls:
		_Bt_UnlockSeq
 This function is called by:
		_main
 This function uses a reentrant model


 *************** function _Bt_UnlockSeq *****************
 Defined at:
		line 445 in file "test_flash.c"
 Parameters:    Size  Location     Type
		None
 Auto vars:     Size  Location     Type
		None
 Return value:  Size  Location     Type
                  1    wreg      void 
 Registers used:
		wreg
 Tracked objects:
		On entry : 
		On exit  : 
		Unchanged: 
 Data sizes:     COMMON  BANK0h  BANK0l   BANK1   BANK2
      Params:         0       0       0       0       0
      Locals:         0       0       0       0       0
      Temps:          0       0       0       0       0
      Totals:         0       0       0       0       0
Total ram usage:        0 bytes
 Hardware stack levels used:    1
 Hardware stack levels required when called:    2
 This function calls:
		Nothing
 This function is called by:
		_Bt_FlashWriteBlock
		_Bt_WriteEep
 This function uses a reentrant model


 *************** function _Bt_ReadData *****************
 Defined at:
		line 454 in file "test_flash.c"
 Parameters:    Size  Location     Type
		None
 Auto vars:     Size  Location     Type
		None
 Return value:  Size  Location     Type
                  1    wreg      void 
 Registers used:
		wreg, status,0
 Tracked objects:
		On entry : 
		On exit  : 
		Unchanged: 
 Data sizes:     COMMON  BANK0h  BANK0l   BANK1   BANK2
      Params:         0       0       0       0       0
      Locals:         0       0       0       0       0
      Temps:          0       0       0       0       0
      Totals:         0       0       0       0       0
Total ram usage:        0 bytes
 Hardware stack levels used:    1
 Hardware stack levels required when called:    2
 This function calls:
		Nothing
 This function is called by:
		_main
 This function uses a reentrant model


 *************** function _Bt_WriteEep *****************
 Defined at:
		line 467 in file "test_flash.c"
 Parameters:    Size  Location     Type
		None
 Auto vars:     Size  Location     Type
		None
 Return value:  Size  Location     Type
                  1    wreg      void 
 Registers used:
		wreg, status,2, status,0, pclath
 Tracked objects:
		On entry : 
		On exit  : 
		Unchanged: 
 Data sizes:     COMMON  BANK0h  BANK0l   BANK1   BANK2
      Params:         0       0       0       0       0
      Locals:         0       0       0       0       0
      Temps:          0       0       0       0       0
      Totals:         0       0       0       0       0
Total ram usage:        0 bytes
 Hardware stack levels used:    1
 Hardware stack levels required when called:    3
 This function calls:
		_Bt_UnlockSeq
 This function is called by:
		_main
 This function uses a reentrant model



MODULE INFORMATION

Module		Function		Class		Link	Load	Size
test_flash.c
		_Bt_ComSendData		CODE           	01CB	0000	20
		_Bt_UnlockSeq  		CODE           	01E7	0000	10
		_main          		CODE           	001C	0000	299
		_Bt_WriteEep   		CODE           	01B5	0000	17
		_serrvice_isr  		CODE           	0004	0000	9
		_Bt_FlashWriteBlock		CODE           	0146	0000	67
		_Bt_ReadData   		CODE           	019E	0000	24

test_flash.c estimated size: 446

shared
		__initialization		CODE           	000D	0000	10
		_Bl_Ver1       		STRCODE        	F0FE	0000	2
		PL2            		CODE           	0188	0000	14
		PL4            		CODE           	0195	0000	10
		PL6            		CODE           	01C5	0000	7

shared estimated size: 43

